Archive member included to satisfy reference by file (symbol)

D:/tools/arm-gnu-toolchain/bin/../lib/gcc/arm-none-eabi/13.3.1/thumb/v7e-m+fp/hard\libgcc.a(_aeabi_ldivmod.o)
                              CMakeFiles/bench.elf.dir/D_/ARBATOS/projects/INFANTRY-A/Drivers/STM32F4xx_HAL_Driver/Src/stm32f4xx_hal_rcc.c.obj (__aeabi_ldivmod)
D:/tools/arm-gnu-toolchain/bin/../lib/gcc/arm-none-eabi/13.3.1/thumb/v7e-m+fp/hard\libgcc.a(_aeabi_uldivmod.o)
                              CMakeFiles/bench.elf.dir/D_/ARBATOS/projects/INFANTRY-A/Drivers/STM32F4xx_HAL_Driver/Src/stm32f4xx_hal_rcc.c.obj (__aeabi_uldivmod)
D:/tools/arm-gnu-toolchain/bin/../lib/gcc/arm-none-eabi/13.3.1/thumb/v7e-m+fp/hard\libgcc.a(_udivmoddi4.o)
                              D:/tools/arm-gnu-toolchain/bin/../lib/gcc/arm-none-eabi/13.3.1/thumb/v7e-m+fp/hard\libgcc.a(_aeabi_ldivmod.o) (__udivmoddi4)
D:/tools/arm-gnu-toolchain/bin/../lib/gcc/arm-none-eabi/13.3.1/thumb/v7e-m+fp/hard\libgcc.a(_dvmd_tls.o)
                              D:/tools/arm-gnu-toolchain/bin/../lib/gcc/arm-none-eabi/13.3.1/thumb/v7e-m+fp/hard\libgcc.a(_aeabi_ldivmod.o) (__aeabi_ldiv0)
D:/tools/arm-gnu-toolchain/bin/../lib/gcc/arm-none-eabi/13.3.1/thumb/v7e-m+fp/hard\libc.a(libc_a-exit.o)
                              D:/tools/arm-gnu-toolchain/bin/../lib/gcc/arm-none-eabi/13.3.1/thumb/v7e-m+fp/hard/crt0.o (exit)
D:/tools/arm-gnu-toolchain/bin/../lib/gcc/arm-none-eabi/13.3.1/thumb/v7e-m+fp/hard\libc.a(libc_a-findfp.o)
                              D:/tools/arm-gnu-toolchain/bin/../lib/gcc/arm-none-eabi/13.3.1/thumb/v7e-m+fp/hard\libc.a(libc_a-exit.o) (__stdio_exit_handler)
D:/tools/arm-gnu-toolchain/bin/../lib/gcc/arm-none-eabi/13.3.1/thumb/v7e-m+fp/hard\libc.a(libc_a-fwalk.o)
                              D:/tools/arm-gnu-toolchain/bin/../lib/gcc/arm-none-eabi/13.3.1/thumb/v7e-m+fp/hard\libc.a(libc_a-findfp.o) (_fwalk_sglue)
D:/tools/arm-gnu-toolchain/bin/../lib/gcc/arm-none-eabi/13.3.1/thumb/v7e-m+fp/hard\libc.a(libc_a-stdio.o)
                              D:/tools/arm-gnu-toolchain/bin/../lib/gcc/arm-none-eabi/13.3.1/thumb/v7e-m+fp/hard\libc.a(libc_a-findfp.o) (__sread)
D:/tools/arm-gnu-toolchain/bin/../lib/gcc/arm-none-eabi/13.3.1/thumb/v7e-m+fp/hard\libc.a(libc_a-memset.o)
                              D:/tools/arm-gnu-toolchain/bin/../lib/gcc/arm-none-eabi/13.3.1/thumb/v7e-m+fp/hard/crt0.o (memset)
D:/tools/arm-gnu-toolchain/bin/../lib/gcc/arm-none-eabi/13.3.1/thumb/v7e-m+fp/hard\libc.a(libc_a-closer.o)
                              D:/tools/arm-gnu-toolchain/bin/../lib/gcc/arm-none-eabi/13.3.1/thumb/v7e-m+fp/hard\libc.a(libc_a-stdio.o) (_close_r)
D:/tools/arm-gnu-toolchain/bin/../lib/gcc/arm-none-eabi/13.3.1/thumb/v7e-m+fp/hard\libc.a(libc_a-reent.o)
                              D:/tools/arm-gnu-toolchain/bin/../lib/gcc/arm-none-eabi/13.3.1/thumb/v7e-m+fp/hard\libc.a(libc_a-closer.o) (errno)
D:/tools/arm-gnu-toolchain/bin/../lib/gcc/arm-none-eabi/13.3.1/thumb/v7e-m+fp/hard\libc.a(libc_a-impure.o)
                              D:/tools/arm-gnu-toolchain/bin/../lib/gcc/arm-none-eabi/13.3.1/thumb/v7e-m+fp/hard\libc.a(libc_a-reent.o) (_impure_ptr)
D:/tools/arm-gnu-toolchain/bin/../lib/gcc/arm-none-eabi/13.3.1/thumb/v7e-m+fp/hard\libc.a(libc_a-lseekr.o)
                              D:/tools/arm-gnu-toolchain/bin/../lib/gcc/arm-none-eabi/13.3.1/thumb/v7e-m+fp/hard\libc.a(libc_a-stdio.o) (_lseek_r)
D:/tools/arm-gnu-toolchain/bin/../lib/gcc/arm-none-eabi/13.3.1/thumb/v7e-m+fp/hard\libc.a(libc_a-readr.o)
                              D:/tools/arm-gnu-toolchain/bin/../lib/gcc/arm-none-eabi/13.3.1/thumb/v7e-m+fp/hard\libc.a(libc_a-stdio.o) (_read_r)
D:/tools/arm-gnu-toolchain/bin/../lib/gcc/arm-none-eabi/13.3.1/thumb/v7e-m+fp/hard\libc.a(libc_a-writer.o)
                              D:/tools/arm-gnu-toolchain/bin/../lib/gcc/arm-none-eabi/13.3.1/thumb/v7e-m+fp/hard\libc.a(libc_a-stdio.o) (_write_r)
D:/tools/arm-gnu-toolchain/bin/../lib/gcc/arm-none-eabi/13.3.1/thumb/v7e-m+fp/hard\libc.a(libc_a-init.o)
                              D:/tools/arm-gnu-toolchain/bin/../lib/gcc/arm-none-eabi/13.3.1/thumb/v7e-m+fp/hard/crt0.o (__libc_init_array)
D:/tools/arm-gnu-toolchain/bin/../lib/gcc/arm-none-eabi/13.3.1/thumb/v7e-m+fp/hard\libc.a(libc_a-lock.o)
                              D:/tools/arm-gnu-toolchain/bin/../lib/gcc/arm-none-eabi/13.3.1/thumb/v7e-m+fp/hard\libc.a(libc_a-findfp.o) (__retarget_lock_init_recursive)
D:/tools/arm-gnu-toolchain/bin/../lib/gcc/arm-none-eabi/13.3.1/thumb/v7e-m+fp/hard\libc.a(libc_a-__call_atexit.o)
                              D:/tools/arm-gnu-toolchain/bin/../lib/gcc/arm-none-eabi/13.3.1/thumb/v7e-m+fp/hard\libc.a(libc_a-exit.o) (__call_exitprocs)
D:/tools/arm-gnu-toolchain/bin/../lib/gcc/arm-none-eabi/13.3.1/thumb/v7e-m+fp/hard\libc.a(libc_a-atexit.o)
                              D:/tools/arm-gnu-toolchain/bin/../lib/gcc/arm-none-eabi/13.3.1/thumb/v7e-m+fp/hard\libc.a(libc_a-__call_atexit.o) (atexit)
[...]
Memory Configuration

Name             Origin             Length             Attributes
FLASH            0x08000000         0x00100000         xr
RAM              0x20000000         0x00030000         xrw
CCMRAM           0x10000000         0x00010000         xrw
*default*        0x00000000         0xffffffff

Linker script and memory map

LOAD D:/tools/arm-gnu-toolchain/bin/../lib/gcc/arm-none-eabi/13.3.1/thumb/v7e-m+fp/hard/crti.o
LOAD D:/tools/arm-gnu-toolchain/bin/../lib/gcc/arm-none-eabi/13.3.1/thumb/v7e-m+fp/hard/crtbegin.o
LOAD D:/tools/arm-gnu-toolchain/bin/../lib/gcc/arm-none-eabi/13.3.1/thumb/v7e-m+fp/hard/crt0.o
LOAD CMakeFiles/bench.elf.dir/bench_main.c.obj
LOAD CMakeFiles/bench.elf.dir/dr16.c.obj
LOAD CMakeFiles/bench.elf.dir/D_/ARBATOS/projects/INFANTRY-A/Core/Src/can.c.obj
LOAD CMakeFiles/bench.elf.dir/D_/ARBATOS/projects/INFANTRY-A/Core/Src/system_stm32f4xx.c.obj
LOAD CMakeFiles/bench.elf.dir/D_/ARBATOS/projects/INFANTRY-A/Drivers/STM32F4xx_HAL_Driver/Src/stm32f4xx_hal.c.obj
LOAD CMakeFiles/bench.elf.dir/D_/ARBATOS/projects/INFANTRY-A/Drivers/STM32F4xx_HAL_Driver/Src/stm32f4xx_hal_can.c.obj
LOAD CMakeFiles/bench.elf.dir/D_/ARBATOS/projects/INFANTRY-A/Drivers/STM32F4xx_HAL_Driver/Src/stm32f4xx_hal_cortex.c.obj
LOAD CMakeFiles/bench.elf.dir/D_/ARBATOS/projects/INFANTRY-A/Drivers/STM32F4xx_HAL_Driver/Src/stm32f4xx_hal_dma.c.obj
LOAD CMakeFiles/bench.elf.dir/D_/ARBATOS/projects/INFANTRY-A/Drivers/STM32F4xx_HAL_Driver/Src/stm32f4xx_hal_dma_ex.c.obj
LOAD CMakeFiles/bench.elf.dir/D_/ARBATOS/projects/INFANTRY-A/Drivers/STM32F4xx_HAL_Driver/Src/stm32f4xx_hal_exti.c.obj
LOAD CMakeFiles/bench.elf.dir/D_/ARBATOS/projects/INFANTRY-A/Drivers/STM32F4xx_HAL_Driver/Src/stm32f4xx_hal_flash.c.obj
LOAD CMakeFiles/bench.elf.dir/D_/ARBATOS/projects/INFANTRY-A/Drivers/STM32F4xx_HAL_Driver/Src/stm32f4xx_hal_flash_ex.c.obj
LOAD CMakeFiles/bench.elf.dir/D_/ARBATOS/projects/INFANTRY-A/Drivers/STM32F4xx_HAL_Driver/Src/stm32f4xx_hal_flash_ramfunc.c.obj
LOAD CMakeFiles/bench.elf.dir/D_/ARBATOS/projects/INFANTRY-A/Drivers/STM32F4xx_HAL_Driver/Src/stm32f4xx_hal_gpio.c.obj
LOAD CMakeFiles/bench.elf.dir/D_/ARBATOS/projects/INFANTRY-A/Drivers/STM32F4xx_HAL_Driver/Src/stm32f4xx_hal_mmc.c.obj
LOAD CMakeFiles/bench.elf.dir/D_/ARBATOS/projects/INFANTRY-A/Drivers/STM32F4xx_HAL_Driver/Src/stm32f4xx_hal_pcd.c.obj
LOAD CMakeFiles/bench.elf.dir/D_/ARBATOS/projects/INFANTRY-A/Drivers/STM32F4xx_HAL_Driver/Src/stm32f4xx_hal_pcd_ex.c.obj
LOAD CMakeFiles/bench.elf.dir/D_/ARBATOS/projects/INFANTRY-A/Drivers/STM32F4xx_HAL_Driver/Src/stm32f4xx_hal_pwr.c.obj
LOAD CMakeFiles/bench.elf.dir/D_/ARBATOS/projects/INFANTRY-A/Drivers/STM32F4xx_HAL_Driver/Src/stm32f4xx_hal_pwr_ex.c.obj
LOAD CMakeFiles/bench.elf.dir/D_/ARBATOS/projects/INFANTRY-A/Drivers/STM32F4xx_HAL_Driver/Src/stm32f4xx_hal_rcc.c.obj
LOAD CMakeFiles/bench.elf.dir/D_/ARBATOS/projects/INFANTRY-A/Drivers/STM32F4xx_HAL_Driver/Src/stm32f4xx_hal_rcc_ex.c.obj
LOAD CMakeFiles/bench.elf.dir/D_/ARBATOS/projects/INFANTRY-A/Drivers/STM32F4xx_HAL_Driver/Src/stm32f4xx_hal_sd.c.obj
LOAD CMakeFiles/bench.elf.dir/D_/ARBATOS/projects/INFANTRY-A/Drivers/STM32F4xx_HAL_Driver/Src/stm32f4xx_hal_spi.c.obj
LOAD CMakeFiles/bench.elf.dir/D_/ARBATOS/projects/INFANTRY-A/Drivers/STM32F4xx_HAL_Driver/Src/stm32f4xx_hal_tim.c.obj
LOAD CMakeFiles/bench.elf.dir/D_/ARBATOS/projects/INFANTRY-A/Drivers/STM32F4xx_HAL_Driver/Src/stm32f4xx_hal_tim_ex.c.obj
LOAD CMakeFiles/bench.elf.dir/D_/ARBATOS/projects/INFANTRY-A/Drivers/STM32F4xx_HAL_Driver/Src/stm32f4xx_hal_uart.c.obj
LOAD CMakeFiles/bench.elf.dir/D_/ARBATOS/projects/INFANTRY-A/Drivers/STM32F4xx_HAL_Driver/Src/stm32f4xx_ll_sdmmc.c.obj
LOAD CMakeFiles/bench.elf.dir/D_/ARBATOS/projects/INFANTRY-A/Drivers/STM32F4xx_HAL_Driver/Src/stm32f4xx_ll_usb.c.obj
LOAD CMakeFiles/bench.elf.dir/startup_gcc.S.obj
START GROUP
LOAD D:/tools/arm-gnu-toolchain/bin/../lib/gcc/arm-none-eabi/13.3.1/thumb/v7e-m+fp/hard\libgcc.a
LOAD D:/tools/arm-gnu-toolchain/bin/../lib/gcc/arm-none-eabi/13.3.1/thumb/v7e-m+fp/hard\libc.a
END GROUP
LOAD D:/tools/arm-gnu-toolchain/bin/../lib/gcc/arm-none-eabi/13.3.1/thumb/v7e-m+fp/hard/crtend.o
LOAD D:/tools/arm-gnu-toolchain/bin/../lib/gcc/arm-none-eabi/13.3.1/thumb/v7e-m+fp/hard/crtn.o
                0x20030000                        _estack = (ORIGIN (RAM) + LENGTH (RAM))

.isr_vector     0x08000000      0x1ac
                0x08000000                        . = ALIGN (0x4)
 *(.isr_vector)
 .isr_vector    0x08000000      0x1ac CMakeFiles/bench.elf.dir/startup_gcc.S.obj
                0x08000000                g_pfnVectors
                0x08000000                __Vectors
                0x080001ac                        . = ALIGN (0x4)

.text           0x080001ac     0x1bb0
                0x080001ac                        . = ALIGN (0x4)
 *(.text)
 .text          0x080001ac       0x58 CMakeFiles/bench.elf.dir/startup_gcc.S.obj
                0x080001ac                Reset_Handler
                0x080001e6                HASH_RNG_IRQHandler
                0x080001e6                EXTI2_IRQHandler
                0x080001e6                TIM8_CC_IRQHandler
                0x080001e6                DebugMon_Handler
                0x080001e6                UART8_IRQHandler
                0x080001e6                SPI4_IRQHandler
                0x080001e6                TIM1_CC_IRQHandler
                0x080001e6                DMA2_Stream5_IRQHandler
                0x080001e6                HardFault_Handler
                0x080001e6                DMA1_Stream5_IRQHandler
                0x080001e6                PVD_IRQHandler
                0x080001e6                SDIO_IRQHandler
                0x080001e6                TAMP_STAMP_IRQHandler
                0x080001e6                PendSV_Handler
                0x080001e6                NMI_Handler
                0x080001e6                CAN2_RX1_IRQHandler
                0x080001e6                EXTI3_IRQHandler
                0x080001e6                TIM8_TRG_COM_TIM14_IRQHandler
                0x080001e6                TIM1_UP_TIM10_IRQHandler
                0x080001e6                TIM8_UP_TIM13_IRQHandler
                0x080001e6                I2C3_ER_IRQHandler
                0x080001e6                EXTI0_IRQHandler
                0x080001e6                I2C2_EV_IRQHandler
                0x080001e6                DMA1_Stream2_IRQHandler
                0x080001e6                FPU_IRQHandler
                0x080001e6                OTG_HS_WKUP_IRQHandler
                0x080001e6                UsageFault_Handler
                0x080001e6                CAN2_SCE_IRQHandler
                0x080001e6                DMA2_Stream2_IRQHandler
                0x080001e6                SPI1_IRQHandler
                0x080001e6                TIM6_DAC_IRQHandler
                0x080001e6                TIM1_BRK_TIM9_IRQHandler
                0x080001e6                DCMI_IRQHandler
                0x080001e6                CAN2_RX0_IRQHandler
                0x080001e6                DMA2_Stream3_IRQHandler
                0x080001e6                USART6_IRQHandler
                0x080001e6                USART3_IRQHandler
                0x080001e6                RTC_Alarm_IRQHandler
                0x080001e6                CAN1_RX1_IRQHandler
                0x080001e6                UART5_IRQHandler
                0x080001e6                DMA2_Stream0_IRQHandler
                0x080001e6                TIM4_IRQHandler
                0x080001e6                I2C1_EV_IRQHandler
                0x080001e6                DMA1_Stream6_IRQHandler
                0x080001e6                DMA1_Stream1_IRQHandler
                0x080001e6                UART4_IRQHandler
                0x080001e6                TIM3_IRQHandler
                0x080001e6                RCC_IRQHandler
                0x080001e6                TIM8_BRK_TIM12_IRQHandler
                0x080001e6                Default_Handler
                0x080001e6                EXTI15_10_IRQHandler
                0x080001e6                ADC_IRQHandler
                0x080001e6                DMA1_Stream7_IRQHandler
                0x080001e6                SPI5_IRQHandler
                0x080001e6                TIM7_IRQHandler
                0x080001e6                CAN2_TX_IRQHandler
                0x080001e6                TIM5_IRQHandler
                0x080001e6                DMA2_Stream7_IRQHandler
                0x080001e6                I2C3_EV_IRQHandler
                0x080001e6                EXTI9_5_IRQHandler
                0x080001e6                RTC_WKUP_IRQHandler
                0x080001e6                ETH_WKUP_IRQHandler
                0x080001e6                SPI2_IRQHandler
                0x080001e6                OTG_HS_EP1_IN_IRQHandler
                0x080001e6                MemManage_Handler
                0x080001e6                DMA1_Stream0_IRQHandler
                0x080001e6                SVC_Handler
                0x080001e6                EXTI4_IRQHandler
                0x080001e6                ETH_IRQHandler
                0x080001e6                OTG_HS_EP1_OUT_IRQHandler
                0x080001e6                WWDG_IRQHandler
                0x080001e6                SPI6_IRQHandler
                0x080001e6                TIM2_IRQHandler
                0x080001e6                OTG_FS_WKUP_IRQHandler
                0x080001e6                TIM1_TRG_COM_TIM11_IRQHandler
                0x080001e6                OTG_HS_IRQHandler
                0x080001e6                DMA2D_IRQHandler
                0x080001e6                EXTI1_IRQHandler
                0x080001e6                UART7_IRQHandler
                0x080001e6                USART2_IRQHandler
                0x080001e6                I2C2_ER_IRQHandler
                0x080001e6                DMA2_Stream1_IRQHandler
                0x080001e6                CAN1_SCE_IRQHandler
                0x080001e6                FLASH_IRQHandler
                0x080001e6                DMA2_Stream4_IRQHandler
                0x080001e6                BusFault_Handler
                0x080001e6                OTG_FS_IRQHandler
                0x080001e6                SPI3_IRQHandler
                0x080001e6                DMA1_Stream4_IRQHandler
                0x080001e6                I2C1_ER_IRQHandler
                0x080001e6                FMC_IRQHandler
                0x080001e6                DMA2_Stream6_IRQHandler
                0x080001e6                SAI1_IRQHandler
                0x080001e6                DMA1_Stream3_IRQHandler
 .text          0x08000204       0x30 D:/tools/arm-gnu-toolchain/bin/../lib/gcc/arm-none-eabi/13.3.1/thumb/v7e-m+fp/hard\libgcc.a(_aeabi_uldivmod.o)
                0x08000204                __aeabi_uldivmod
 .text          0x08000234        0x4 D:/tools/arm-gnu-toolchain/bin/../lib/gcc/arm-none-eabi/13.3.1/thumb/v7e-m+fp/hard\libgcc.a(_dvmd_tls.o)
                0x08000234                __aeabi_idiv0
                0x08000234                __aeabi_ldiv0
 *(.text*)
 .text.deregister_tm_clones
                0x08000238       0x1c D:/tools/arm-gnu-toolchain/bin/../lib/gcc/arm-none-eabi/13.3.1/thumb/v7e-m+fp/hard/crtbegin.o
 .text.register_tm_clones
                0x08000254       0x24 D:/tools/arm-gnu-toolchain/bin/../lib/gcc/arm-none-eabi/13.3.1/thumb/v7e-m+fp/hard/crtbegin.o
 .text.__do_global_dtors_aux
                0x08000278       0x28 D:/tools/arm-gnu-toolchain/bin/../lib/gcc/arm-none-eabi/13.3.1/thumb/v7e-m+fp/hard/crtbegin.o
 .text.frame_dummy
                0x080002a0       0x24 D:/tools/arm-gnu-toolchain/bin/../lib/gcc/arm-none-eabi/13.3.1/thumb/v7e-m+fp/hard/crtbegin.o
 .text.SysTick_Handler
                0x080002c4        0x4 CMakeFiles/bench.elf.dir/bench_main.c.obj
                0x080002c4                SysTick_Handler
 .text.CAN1_TX_IRQHandler
                0x080002c8        0xc CMakeFiles/bench.elf.dir/bench_main.c.obj
                0x080002c8                CAN1_TX_IRQHandler
 .text.CAN1_RX0_IRQHandler
                0x080002d4        0x4 CMakeFiles/bench.elf.dir/bench_main.c.obj
                0x080002d4                CAN1_RX0_IRQHandler
 .text.HAL_CAN_RxFifo0MsgPendingCallback
                0x080002d8       0x38 CMakeFiles/bench.elf.dir/bench_main.c.obj
                0x080002d8                HAL_CAN_RxFifo0MsgPendingCallback
 .text.SystemClock_Config
                0x08000310       0xa4 CMakeFiles/bench.elf.dir/bench_main.c.obj
                0x08000310                SystemClock_Config
 .text.Error_Handler
                0x080003b4        0x4 CMakeFiles/bench.elf.dir/bench_main.c.obj
                0x080003b4                Error_Handler
 .text.RobotFaultEarlyInit
                0x080003b8        0x2 CMakeFiles/bench.elf.dir/bench_main.c.obj
                0x080003b8                RobotFaultEarlyInit
 .text.RobotFaultDefaultHandler
                0x080003ba        0x4 CMakeFiles/bench.elf.dir/bench_main.c.obj
                0x080003ba                RobotFaultDefaultHandler
 *fill*         0x080003be        0x2 
 .text.startup.main
                0x080003c0      0x110 CMakeFiles/bench.elf.dir/bench_main.c.obj
                0x080003c0                main
 .text.DR16_Init
                0x080004d0       0xd8 CMakeFiles/bench.elf.dir/dr16.c.obj
                0x080004d0                DR16_Init
 .text.USART1_IRQHandler
                0x080005a8       0x64 CMakeFiles/bench.elf.dir/dr16.c.obj
                0x080005a8                USART1_IRQHandler
 .text.DR16_Task
                0x0800060c       0x98 CMakeFiles/bench.elf.dir/dr16.c.obj
                0x0800060c                DR16_Task
 .text.DR16_IsFresh
                0x080006a4       0x1c CMakeFiles/bench.elf.dir/dr16.c.obj
                0x080006a4                DR16_IsFresh
 .text.DR16_MapStickToCurrent
                0x080006c0       0x44 CMakeFiles/bench.elf.dir/dr16.c.obj
                0x080006c0                DR16_MapStickToCurrent
 .text.DR16_OutputCurrent
                0x08000704       0x1c CMakeFiles/bench.elf.dir/dr16.c.obj
                0x08000704                DR16_OutputCurrent
 .text.MX_CAN1_Init
                0x08000720       0x40 CMakeFiles/bench.elf.dir/D_/ARBATOS/projects/INFANTRY-A/Core/Src/can.c.obj
                0x08000720                MX_CAN1_Init
 .text.HAL_CAN_MspInit
                0x08000760      0x138 CMakeFiles/bench.elf.dir/D_/ARBATOS/projects/INFANTRY-A/Core/Src/can.c.obj
                0x08000760                HAL_CAN_MspInit
 .text.SystemInit
                0x08000898       0x14 CMakeFiles/bench.elf.dir/D_/ARBATOS/projects/INFANTRY-A/Core/Src/system_stm32f4xx.c.obj
                0x08000898                SystemInit
 .text.HAL_MspInit
                0x080008ac        0x2 CMakeFiles/bench.elf.dir/D_/ARBATOS/projects/INFANTRY-A/Drivers/STM32F4xx_HAL_Driver/Src/stm32f4xx_hal.c.obj
                0x080008ac                HAL_MspInit
 *fill*         0x080008ae        0x2 
 .text.HAL_InitTick
                0x080008b0       0x48 CMakeFiles/bench.elf.dir/D_/ARBATOS/projects/INFANTRY-A/Drivers/STM32F4xx_HAL_Driver/Src/stm32f4xx_hal.c.obj
                0x080008b0                HAL_InitTick
 .text.HAL_Init
                0x080008f8       0x34 CMakeFiles/bench.elf.dir/D_/ARBATOS/projects/INFANTRY-A/Drivers/STM32F4xx_HAL_Driver/Src/stm32f4xx_hal.c.obj
                0x080008f8                HAL_Init
 .text.HAL_IncTick
                0x0800092c       0x18 CMakeFiles/bench.elf.dir/D_/ARBATOS/projects/INFANTRY-A/Drivers/STM32F4xx_HAL_Driver/Src/stm32f4xx_hal.c.obj
                0x0800092c                HAL_IncTick
 .text.HAL_GetTick
                0x08000944        0xc CMakeFiles/bench.elf.dir/D_/ARBATOS/projects/INFANTRY-A/Drivers/STM32F4xx_HAL_Driver/Src/stm32f4xx_hal.c.obj
                0x08000944                HAL_GetTick
 .text.HAL_Delay
                0x08000950       0x28 CMakeFiles/bench.elf.dir/D_/ARBATOS/projects/INFANTRY-A/Drivers/STM32F4xx_HAL_Driver/Src/stm32f4xx_hal.c.obj
                0x08000950                HAL_Delay
 .text.HAL_CAN_Init
                0x08000978       0xf6 CMakeFiles/bench.elf.dir/D_/ARBATOS/projects/INFANTRY-A/Drivers/STM32F4xx_HAL_Driver/Src/stm32f4xx_hal_can.c.obj
                0x08000978                HAL_CAN_Init
 *fill*         0x08000a6e        0x2 
 .text.HAL_CAN_ConfigFilter
                0x08000a70      0x10c CMakeFiles/bench.elf.dir/D_/ARBATOS/projects/INFANTRY-A/Drivers/STM32F4xx_HAL_Driver/Src/stm32f4xx_hal_can.c.obj
                0x08000a70                HAL_CAN_ConfigFilter
 .text.HAL_CAN_Start
                0x08000b7c       0x56 CMakeFiles/bench.elf.dir/D_/ARBATOS/projects/INFANTRY-A/Drivers/STM32F4xx_HAL_Driver/Src/stm32f4xx_hal_can.c.obj
                0x08000b7c                HAL_CAN_Start
 .text.HAL_CAN_AddTxMessage
                0x08000bd2       0x96 CMakeFiles/bench.elf.dir/D_/ARBATOS/projects/INFANTRY-A/Drivers/STM32F4xx_HAL_Driver/Src/stm32f4xx_hal_can.c.obj
                0x08000bd2                HAL_CAN_AddTxMessage
 .text.HAL_CAN_GetTxMailboxesFreeLevel
                0x08000c68       0x28 CMakeFiles/bench.elf.dir/D_/ARBATOS/projects/INFANTRY-A/Drivers/STM32F4xx_HAL_Driver/Src/stm32f4xx_hal_can.c.obj
                0x08000c68                HAL_CAN_GetTxMailboxesFreeLevel
 .text.HAL_CAN_GetRxMessage
                0x08000c90       0xf8 CMakeFiles/bench.elf.dir/D_/ARBATOS/projects/INFANTRY-A/Drivers/STM32F4xx_HAL_Driver/Src/stm32f4xx_hal_can.c.obj
                0x08000c90                HAL_CAN_GetRxMessage
 .text.HAL_CAN_ActivateNotification
                0x08000d88       0x22 CMakeFiles/bench.elf.dir/D_/ARBATOS/projects/INFANTRY-A/Drivers/STM32F4xx_HAL_Driver/Src/stm32f4xx_hal_can.c.obj
                0x08000d88                HAL_CAN_ActivateNotification
 .text.HAL_CAN_TxMailbox0CompleteCallback
                0x08000daa        0x2 CMakeFiles/bench.elf.dir/D_/ARBATOS/projects/INFANTRY-A/Drivers/STM32F4xx_HAL_Driver/Src/stm32f4xx_hal_can.c.obj
                0x08000daa                HAL_CAN_TxMailbox0CompleteCallback
 .text.HAL_CAN_TxMailbox1CompleteCallback
                0x08000dac        0x2 CMakeFiles/bench.elf.dir/D_/ARBATOS/projects/INFANTRY-A/Drivers/STM32F4xx_HAL_Driver/Src/stm32f4xx_hal_can.c.obj
                0x08000dac                HAL_CAN_TxMailbox1CompleteCallback
 .text.HAL_CAN_TxMailbox2CompleteCallback
                0x08000dae        0x2 CMakeFiles/bench.elf.dir/D_/ARBATOS/projects/INFANTRY-A/Drivers/STM32F4xx_HAL_Driver/Src/stm32f4xx_hal_can.c.obj
                0x08000dae                HAL_CAN_TxMailbox2CompleteCallback
 .text.HAL_CAN_TxMailbox0AbortCallback
                0x08000db0        0x2 CMakeFiles/bench.elf.dir/D_/ARBATOS/projects/INFANTRY-A/Drivers/STM32F4xx_HAL_Driver/Src/stm32f4xx_hal_can.c.obj
                0x08000db0                HAL_CAN_TxMailbox0AbortCallback
 .text.HAL_CAN_TxMailbox1AbortCallback
                0x08000db2        0x2 CMakeFiles/bench.elf.dir/D_/ARBATOS/projects/INFANTRY-A/Drivers/STM32F4xx_HAL_Driver/Src/stm32f4xx_hal_can.c.obj
                0x08000db2                HAL_CAN_TxMailbox1AbortCallback
 .text.HAL_CAN_TxMailbox2AbortCallback
                0x08000db4        0x2 CMakeFiles/bench.elf.dir/D_/ARBATOS/projects/INFANTRY-A/Drivers/STM32F4xx_HAL_Driver/Src/stm32f4xx_hal_can.c.obj
                0x08000db4                HAL_CAN_TxMailbox2AbortCallback
 .text.HAL_CAN_RxFifo0FullCallback
                0x08000db6        0x2 CMakeFiles/bench.elf.dir/D_/ARBATOS/projects/INFANTRY-A/Drivers/STM32F4xx_HAL_Driver/Src/stm32f4xx_hal_can.c.obj
                0x08000db6                HAL_CAN_RxFifo0FullCallback
 .text.HAL_CAN_RxFifo1MsgPendingCallback
                0x08000db8        0x2 CMakeFiles/bench.elf.dir/D_/ARBATOS/projects/INFANTRY-A/Drivers/STM32F4xx_HAL_Driver/Src/stm32f4xx_hal_can.c.obj
                0x08000db8                HAL_CAN_RxFifo1MsgPendingCallback
 .text.HAL_CAN_RxFifo1FullCallback
                0x08000dba        0x2 CMakeFiles/bench.elf.dir/D_/ARBATOS/projects/INFANTRY-A/Drivers/STM32F4xx_HAL_Driver/Src/stm32f4xx_hal_can.c.obj
                0x08000dba                HAL_CAN_RxFifo1FullCallback
 .text.HAL_CAN_SleepCallback
                0x08000dbc        0x2 CMakeFiles/bench.elf.dir/D_/ARBATOS/projects/INFANTRY-A/Drivers/STM32F4xx_HAL_Driver/Src/stm32f4xx_hal_can.c.obj
                0x08000dbc                HAL_CAN_SleepCallback
 .text.HAL_CAN_WakeUpFromRxMsgCallback
                0x08000dbe        0x2 CMakeFiles/bench.elf.dir/D_/ARBATOS/projects/INFANTRY-A/Drivers/STM32F4xx_HAL_Driver/Src/stm32f4xx_hal_can.c.obj
                0x08000dbe                HAL_CAN_WakeUpFromRxMsgCallback
 .text.HAL_CAN_ErrorCallback
                0x08000dc0        0x2 CMakeFiles/bench.elf.dir/D_/ARBATOS/projects/INFANTRY-A/Drivers/STM32F4xx_HAL_Driver/Src/stm32f4xx_hal_can.c.obj
                0x08000dc0                HAL_CAN_ErrorCallback
 .text.HAL_CAN_IRQHandler
                0x08000dc2      0x208 CMakeFiles/bench.elf.dir/D_/ARBATOS/projects/INFANTRY-A/Drivers/STM32F4xx_HAL_Driver/Src/stm32f4xx_hal_can.c.obj
                0x08000dc2                HAL_CAN_IRQHandler
 *fill*         0x08000fca        0x2 
 .text.HAL_NVIC_SetPriorityGrouping
                0x08000fcc       0x24 CMakeFiles/bench.elf.dir/D_/ARBATOS/projects/INFANTRY-A/Drivers/STM32F4xx_HAL_Driver/Src/stm32f4xx_hal_cortex.c.obj
                0x08000fcc                HAL_NVIC_SetPriorityGrouping
 .text.HAL_NVIC_SetPriority
                0x08000ff0       0x64 CMakeFiles/bench.elf.dir/D_/ARBATOS/projects/INFANTRY-A/Drivers/STM32F4xx_HAL_Driver/Src/stm32f4xx_hal_cortex.c.obj
                0x08000ff0                HAL_NVIC_SetPriority
 .text.HAL_NVIC_EnableIRQ
                0x08001054       0x1c CMakeFiles/bench.elf.dir/D_/ARBATOS/projects/INFANTRY-A/Drivers/STM32F4xx_HAL_Driver/Src/stm32f4xx_hal_cortex.c.obj
                0x08001054                HAL_NVIC_EnableIRQ
 .text.HAL_SYSTICK_Config
                0x08001070       0x28 CMakeFiles/bench.elf.dir/D_/ARBATOS/projects/INFANTRY-A/Drivers/STM32F4xx_HAL_Driver/Src/stm32f4xx_hal_cortex.c.obj
                0x08001070                HAL_SYSTICK_Config
 .text.HAL_GPIO_Init
                0x08001098      0x1c8 CMakeFiles/bench.elf.dir/D_/ARBATOS/projects/INFANTRY-A/Drivers/STM32F4xx_HAL_Driver/Src/stm32f4xx_hal_gpio.c.obj
                0x08001098                HAL_GPIO_Init
 .text.HAL_GPIO_WritePin
                0x08001260        0xa CMakeFiles/bench.elf.dir/D_/ARBATOS/projects/INFANTRY-A/Drivers/STM32F4xx_HAL_Driver/Src/stm32f4xx_hal_gpio.c.obj
                0x08001260                HAL_GPIO_WritePin
 .text.HAL_GPIO_TogglePin
                0x0800126a       0x12 CMakeFiles/bench.elf.dir/D_/ARBATOS/projects/INFANTRY-A/Drivers/STM32F4xx_HAL_Driver/Src/stm32f4xx_hal_gpio.c.obj
                0x0800126a                HAL_GPIO_TogglePin
 .text.HAL_RCC_OscConfig
                0x0800127c      0x35c CMakeFiles/bench.elf.dir/D_/ARBATOS/projects/INFANTRY-A/Drivers/STM32F4xx_HAL_Driver/Src/stm32f4xx_hal_rcc.c.obj
                0x0800127c                HAL_RCC_OscConfig
 .text.HAL_RCC_GetSysClockFreq
                0x080015d8       0x5c CMakeFiles/bench.elf.dir/D_/ARBATOS/projects/INFANTRY-A/Drivers/STM32F4xx_HAL_Driver/Src/stm32f4xx_hal_rcc.c.obj
                0x080015d8                HAL_RCC_GetSysClockFreq
 .text.HAL_RCC_ClockConfig
                0x08001634      0x134 CMakeFiles/bench.elf.dir/D_/ARBATOS/projects/INFANTRY-A/Drivers/STM32F4xx_HAL_Driver/Src/stm32f4xx_hal_rcc.c.obj
                0x08001634                HAL_RCC_ClockConfig
 .text.HAL_RCC_GetPCLK1Freq
                0x08001768       0x20 CMakeFiles/bench.elf.dir/D_/ARBATOS/projects/INFANTRY-A/Drivers/STM32F4xx_HAL_Driver/Src/stm32f4xx_hal_rcc.c.obj
                0x08001768                HAL_RCC_GetPCLK1Freq
 .text.HAL_RCC_GetPCLK2Freq
                0x08001788       0x20 CMakeFiles/bench.elf.dir/D_/ARBATOS/projects/INFANTRY-A/Drivers/STM32F4xx_HAL_Driver/Src/stm32f4xx_hal_rcc.c.obj
                0x08001788                HAL_RCC_GetPCLK2Freq
 .text.UART_SetConfig
                0x080017a8       0xbc CMakeFiles/bench.elf.dir/D_/ARBATOS/projects/INFANTRY-A/Drivers/STM32F4xx_HAL_Driver/Src/stm32f4xx_hal_uart.c.obj
 .text.HAL_UART_MspInit
                0x08001864        0x2 CMakeFiles/bench.elf.dir/D_/ARBATOS/projects/INFANTRY-A/Drivers/STM32F4xx_HAL_Driver/Src/stm32f4xx_hal_uart.c.obj
                0x08001864                HAL_UART_MspInit
 .text.HAL_UART_Init
                0x08001866       0x5e CMakeFiles/bench.elf.dir/D_/ARBATOS/projects/INFANTRY-A/Drivers/STM32F4xx_HAL_Driver/Src/stm32f4xx_hal_uart.c.obj
                0x08001866                HAL_UART_Init
 .text.__udivmoddi4
                0x080018c4      0x2bc D:/tools/arm-gnu-toolchain/bin/../lib/gcc/arm-none-eabi/13.3.1/thumb/v7e-m+fp/hard\libgcc.a(_udivmoddi4.o)
                0x080018c4                __udivmoddi4
 .text.memset   0x08001b80       0xa4 D:/tools/arm-gnu-toolchain/bin/../lib/gcc/arm-none-eabi/13.3.1/thumb/v7e-m+fp/hard\libc.a(libc_a-memset.o)
                0x08001b80                memset
 .text.__libc_init_array
                0x08001c24       0x50 D:/tools/arm-gnu-toolchain/bin/../lib/gcc/arm-none-eabi/13.3.1/thumb/v7e-m+fp/hard\libc.a(libc_a-init.o)
                0x08001c24                __libc_init_array
 .text.__retarget_lock_acquire_recursive
                0x08001c74        0x4 D:/tools/arm-gnu-toolchain/bin/../lib/gcc/arm-none-eabi/13.3.1/thumb/v7e-m+fp/hard\libc.a(libc_a-lock.o)
                0x08001c74                __retarget_lock_acquire_recursive
 .text.__retarget_lock_release_recursive
                0x08001c78        0x4 D:/tools/arm-gnu-toolchain/bin/../lib/gcc/arm-none-eabi/13.3.1/thumb/v7e-m+fp/hard\libc.a(libc_a-lock.o)
                0x08001c78                __retarget_lock_release_recursive
 .text.startup.register_fini
                0x08001c7c       0x14 D:/tools/arm-gnu-toolchain/bin/../lib/gcc/arm-none-eabi/13.3.1/thumb/v7e-m+fp/hard\libc.a(libc_a-__call_atexit.o)
 .text.atexit   0x08001c90        0xc D:/tools/arm-gnu-toolchain/bin/../lib/gcc/arm-none-eabi/13.3.1/thumb/v7e-m+fp/hard\libc.a(libc_a-atexit.o)
                0x08001c90                atexit
 .text.__libc_fini_array
                0x08001c9c       0x28 D:/tools/arm-gnu-toolchain/bin/../lib/gcc/arm-none-eabi/13.3.1/thumb/v7e-m+fp/hard\libc.a(libc_a-fini.o)
                0x08001c9c                __libc_fini_array
 .text.__register_exitproc
                0x08001cc4       0x80 D:/tools/arm-gnu-toolchain/bin/../lib/gcc/arm-none-eabi/13.3.1/thumb/v7e-m+fp/hard\libc.a(libc_a-__atexit.o)
                0x08001cc4                __register_exitproc
 *(.glue_7)
 .glue_7        0x08001d44        0x0 linker stubs
 *(.glue_7t)
 .glue_7t       0x08001d44        0x0 linker stubs
 *(.eh_frame)
 .eh_frame      0x08001d44        0x0 D:/tools/arm-gnu-toolchain/bin/../lib/gcc/arm-none-eabi/13.3.1/thumb/v7e-m+fp/hard/crtbegin.o
 *(.init)
 .init          0x08001d44        0x4 D:/tools/arm-gnu-toolchain/bin/../lib/gcc/arm-none-eabi/13.3.1/thumb/v7e-m+fp/hard/crti.o
                0x08001d44                _init
 .init          0x08001d48        0x8 D:/tools/arm-gnu-toolchain/bin/../lib/gcc/arm-none-eabi/13.3.1/thumb/v7e-m+fp/hard/crtn.o
 *(.fini)
 .fini          0x08001d50        0x4 D:/tools/arm-gnu-toolchain/bin/../lib/gcc/arm-none-eabi/13.3.1/thumb/v7e-m+fp/hard/crti.o
                0x08001d50                _fini
 .fini          0x08001d54        0x8 D:/tools/arm-gnu-toolchain/bin/../lib/gcc/arm-none-eabi/13.3.1/thumb/v7e-m+fp/hard/crtn.o
                0x08001d5c                        . = ALIGN (0x4)
                0x08001d5c                        _etext = .

.vfp11_veneer   0x08001d5c        0x0
 .vfp11_veneer  0x08001d5c        0x0 linker stubs

.v4_bx          0x08001d5c        0x0
 .v4_bx         0x08001d5c        0x0 linker stubs

.iplt           0x08001d5c        0x0
 .iplt          0x08001d5c        0x0 D:/tools/arm-gnu-toolchain/bin/../lib/gcc/arm-none-eabi/13.3.1/thumb/v7e-m+fp/hard/crtbegin.o

.rodata         0x08001d5c       0x18
                0x08001d5c                        . = ALIGN (0x4)
 *(.rodata)
 *(.rodata*)
 .rodata.APBPrescTable
                0x08001d5c        0x8 CMakeFiles/bench.elf.dir/D_/ARBATOS/projects/INFANTRY-A/Core/Src/system_stm32f4xx.c.obj
                0x08001d5c                APBPrescTable
 .rodata.AHBPrescTable
                0x08001d64       0x10 CMakeFiles/bench.elf.dir/D_/ARBATOS/projects/INFANTRY-A/Core/Src/system_stm32f4xx.c.obj
                0x08001d64                AHBPrescTable
                0x08001d74                        . = ALIGN (0x4)

.ARM.extab
 *(.ARM.extab* .gnu.linkonce.armextab.*)

.ARM            0x08001d74        0x8
                0x08001d74                        __exidx_start = .
 *(.ARM.exidx*)
 .ARM.exidx.text.__udivmoddi4
                0x08001d74        0x8 D:/tools/arm-gnu-toolchain/bin/../lib/gcc/arm-none-eabi/13.3.1/thumb/v7e-m+fp/hard\libgcc.a(_udivmoddi4.o)
                0x08001d7c                        __exidx_end = .

.rel.dyn        0x08001d7c        0x0
 .rel.iplt      0x08001d7c        0x0 D:/tools/arm-gnu-toolchain/bin/../lib/gcc/arm-none-eabi/13.3.1/thumb/v7e-m+fp/hard/crtbegin.o

.preinit_array  0x08001d7c        0x0
                0x08001d7c                        PROVIDE (__preinit_array_start = .)
 *(.preinit_array*)
                0x08001d7c                        PROVIDE (__preinit_array_end = .)

.init_array     0x08001d7c        0x8
                0x08001d7c                        PROVIDE (__init_array_start = .)
 *(SORT_BY_NAME(.init_array.*))
 .init_array.00000
                0x08001d7c        0x4 D:/tools/arm-gnu-toolchain/bin/../lib/gcc/arm-none-eabi/13.3.1/thumb/v7e-m+fp/hard\libc.a(libc_a-__call_atexit.o)
 *(.init_array*)
 .init_array    0x08001d80        0x4 D:/tools/arm-gnu-toolchain/bin/../lib/gcc/arm-none-eabi/13.3.1/thumb/v7e-m+fp/hard/crtbegin.o
                0x08001d84                        PROVIDE (__init_array_end = .)

.fini_array     0x08001d84        0x4
                0x08001d84                        PROVIDE (__fini_array_start = .)
 *(SORT_BY_NAME(.fini_array.*))
 *(.fini_array*)
 .fini_array    0x08001d84        0x4 D:/tools/arm-gnu-toolchain/bin/../lib/gcc/arm-none-eabi/13.3.1/thumb/v7e-m+fp/hard/crtbegin.o
                0x08001d88                        PROVIDE (__fini_array_end = .)
                0x08001d88                        _sidata = LOADADDR (.data)

.data           0x20000000       0x10 load address 0x08001d88
                0x20000000                        . = ALIGN (0x4)
                0x20000000                        _sdata = .
 *(.data)
 *(.data*)
 .data.SystemCoreClock
                0x20000000        0x4 CMakeFiles/bench.elf.dir/D_/ARBATOS/projects/INFANTRY-A/Core/Src/system_stm32f4xx.c.obj
                0x20000000                SystemCoreClock
 .data.uwTickFreq
                0x20000004        0x1 CMakeFiles/bench.elf.dir/D_/ARBATOS/projects/INFANTRY-A/Drivers/STM32F4xx_HAL_Driver/Src/stm32f4xx_hal.c.obj
                0x20000004                uwTickFreq
 *fill*         0x20000005        0x3 
 .data.uwTickPrio
                0x20000008        0x4 CMakeFiles/bench.elf.dir/D_/ARBATOS/projects/INFANTRY-A/Drivers/STM32F4xx_HAL_Driver/Src/stm32f4xx_hal.c.obj
                0x20000008                uwTickPrio
 .data.__atexit_recursive_mutex
                0x2000000c        0x4 D:/tools/arm-gnu-toolchain/bin/../lib/gcc/arm-none-eabi/13.3.1/thumb/v7e-m+fp/hard\libc.a(libc_a-__call_atexit.o)
                0x2000000c                __atexit_recursive_mutex
                0x20000010                        . = ALIGN (0x4)
                0x20000010                        _edata = .

.tm_clone_table
                0x20000010        0x0 load address 0x08001d98
 .tm_clone_table
                0x20000010        0x0 D:/tools/arm-gnu-toolchain/bin/../lib/gcc/arm-none-eabi/13.3.1/thumb/v7e-m+fp/hard/crtbegin.o
 .tm_clone_table
                0x20000010        0x0 D:/tools/arm-gnu-toolchain/bin/../lib/gcc/arm-none-eabi/13.3.1/thumb/v7e-m+fp/hard/crtend.o

.igot.plt       0x20000010        0x0 load address 0x08001d98
 .igot.plt      0x20000010        0x0 D:/tools/arm-gnu-toolchain/bin/../lib/gcc/arm-none-eabi/13.3.1/thumb/v7e-m+fp/hard/crtbegin.o

.bss            0x20000010      0x28c load address 0x08001d98
                0x20000010                        . = ALIGN (0x4)
                0x20000010                        _sbss = .
                0x20000010                        __bss_start__ = _sbss
 *(.bss)
 *(.bss*)
 .bss.completed.1
                0x20000010        0x1 D:/tools/arm-gnu-toolchain/bin/../lib/gcc/arm-none-eabi/13.3.1/thumb/v7e-m+fp/hard/crtbegin.o
 *fill*         0x20000011        0x3 
 .bss.object.0  0x20000014       0x18 D:/tools/arm-gnu-toolchain/bin/../lib/gcc/arm-none-eabi/13.3.1/thumb/v7e-m+fp/hard/crtbegin.o
 .bss.s_rx_id   0x2000002c        0x4 CMakeFiles/bench.elf.dir/bench_main.c.obj
 .bss.s_rx_count
                0x20000030        0x4 CMakeFiles/bench.elf.dir/bench_main.c.obj
 .bss.s_tx_data
                0x20000034        0x8 CMakeFiles/bench.elf.dir/bench_main.c.obj
 .bss.s_tx200   0x2000003c       0x18 CMakeFiles/bench.elf.dir/bench_main.c.obj
 .bss.s_rc      0x20000054        0xa CMakeFiles/bench.elf.dir/dr16.c.obj
 *fill*         0x2000005e        0x2 
 .bss.s_last_good_tick
                0x20000060        0x4 CMakeFiles/bench.elf.dir/dr16.c.obj
 .bss.s_new_frame
                0x20000064        0x1 CMakeFiles/bench.elf.dir/dr16.c.obj
 .bss.s_frame   0x20000065       0x12 CMakeFiles/bench.elf.dir/dr16.c.obj
 .bss.s_rx_idx  0x20000077        0x1 CMakeFiles/bench.elf.dir/dr16.c.obj
 .bss.s_rx_buf  0x20000078       0x12 CMakeFiles/bench.elf.dir/dr16.c.obj
 *fill*         0x2000008a        0x2 
 .bss.s_huart1  0x2000008c       0x48 CMakeFiles/bench.elf.dir/dr16.c.obj
 .bss.HAL_RCC_CAN1_CLK_ENABLED
                0x200000d4        0x4 CMakeFiles/bench.elf.dir/D_/ARBATOS/projects/INFANTRY-A/Core/Src/can.c.obj
 .bss.hcan1     0x200000d8       0x28 CMakeFiles/bench.elf.dir/D_/ARBATOS/projects/INFANTRY-A/Core/Src/can.c.obj
                0x200000d8                hcan1
 .bss.uwTick    0x20000100        0x4 CMakeFiles/bench.elf.dir/D_/ARBATOS/projects/INFANTRY-A/Drivers/STM32F4xx_HAL_Driver/Src/stm32f4xx_hal.c.obj
                0x20000100                uwTick
 .bss.__lock___atexit_recursive_mutex
                0x20000104        0x1 D:/tools/arm-gnu-toolchain/bin/../lib/gcc/arm-none-eabi/13.3.1/thumb/v7e-m+fp/hard\libc.a(libc_a-lock.o)
                0x20000104                __lock___atexit_recursive_mutex
 *fill*         0x20000105        0x3 
 .bss.__atexit  0x20000108        0x4 D:/tools/arm-gnu-toolchain/bin/../lib/gcc/arm-none-eabi/13.3.1/thumb/v7e-m+fp/hard\libc.a(libc_a-__call_atexit.o)
                0x20000108                __atexit
 .bss.__atexit0
                0x2000010c      0x190 D:/tools/arm-gnu-toolchain/bin/../lib/gcc/arm-none-eabi/13.3.1/thumb/v7e-m+fp/hard\libc.a(libc_a-__atexit.o)
                0x2000010c                __atexit0
 *(COMMON)
                0x2000029c                        . = ALIGN (0x4)
                0x2000029c                        _ebss = .
                0x2000029c                        __bss_end__ = _ebss

.ccmram         0x10000000        0x0
                0x10000000                        . = ALIGN (0x4)
 *(.ccmram)
 *(.ccmram*)
                0x10000000                        . = ALIGN (0x4)

._user_heap_stack
                0x2000029c        0x4
                0x200002a0                        . = ALIGN (0x8)
 *fill*         0x2000029c        0x4 
                [!provide]                        PROVIDE (end = .)
                [!provide]                        PROVIDE (_end = .)
                0x200002a0                        . = ALIGN (0x8)
OUTPUT(bench.elf elf32-littlearm)
LOAD linker stubs

.ARM.attributes
                0x00000000       0x30
 .ARM.attributes
                0x00000000       0x22 D:/tools/arm-gnu-toolchain/bin/../lib/gcc/arm-none-eabi/13.3.1/thumb/v7e-m+fp/hard/crti.o
 .ARM.attributes
                0x00000022       0x34 D:/tools/arm-gnu-toolchain/bin/../lib/gcc/arm-none-eabi/13.3.1/thumb/v7e-m+fp/hard/crtbegin.o
 .ARM.attributes
                0x00000056       0x34 CMakeFiles/bench.elf.dir/bench_main.c.obj
 .ARM.attributes
                0x0000008a       0x34 CMakeFiles/bench.elf.dir/dr16.c.obj
 .ARM.attributes
                0x000000be       0x34 CMakeFiles/bench.elf.dir/D_/ARBATOS/projects/INFANTRY-A/Core/Src/can.c.obj
 .ARM.attributes
                0x000000f2       0x34 CMakeFiles/bench.elf.dir/D_/ARBATOS/projects/INFANTRY-A/Core/Src/system_stm32f4xx.c.obj
 .ARM.attributes
                0x00000126       0x34 CMakeFiles/bench.elf.dir/D_/ARBATOS/projects/INFANTRY-A/Drivers/STM32F4xx_HAL_Driver/Src/stm32f4xx_hal.c.obj
 .ARM.attributes
                0x0000015a       0x34 CMakeFiles/bench.elf.dir/D_/ARBATOS/projects/INFANTRY-A/Drivers/STM32F4xx_HAL_Driver/Src/stm32f4xx_hal_can.c.obj
 .ARM.attributes
                0x0000018e       0x34 CMakeFiles/bench.elf.dir/D_/ARBATOS/projects/INFANTRY-A/Drivers/STM32F4xx_HAL_Driver/Src/stm32f4xx_hal_cortex.c.obj
 .ARM.attributes
                0x000001c2       0x34 CMakeFiles/bench.elf.dir/D_/ARBATOS/projects/INFANTRY-A/Drivers/STM32F4xx_HAL_Driver/Src/stm32f4xx_hal_gpio.c.obj
 .ARM.attributes
                0x000001f6       0x34 CMakeFiles/bench.elf.dir/D_/ARBATOS/projects/INFANTRY-A/Drivers/STM32F4xx_HAL_Driver/Src/stm32f4xx_hal_rcc.c.obj
 .ARM.attributes
                0x0000022a       0x34 CMakeFiles/bench.elf.dir/D_/ARBATOS/projects/INFANTRY-A/Drivers/STM32F4xx_HAL_Driver/Src/stm32f4xx_hal_uart.c.obj
 .ARM.attributes
                0x0000025e       0x25 CMakeFiles/bench.elf.dir/startup_gcc.S.obj
 .ARM.attributes
                0x00000283       0x22 D:/tools/arm-gnu-toolchain/bin/../lib/gcc/arm-none-eabi/13.3.1/thumb/v7e-m+fp/hard\libgcc.a(_aeabi_uldivmod.o)
 .ARM.attributes
                0x000002a5       0x34 D:/tools/arm-gnu-toolchain/bin/../lib/gcc/arm-none-eabi/13.3.1/thumb/v7e-m+fp/hard\libgcc.a(_udivmoddi4.o)
 .ARM.attributes
                0x000002d9       0x22 D:/tools/arm-gnu-toolchain/bin/../lib/gcc/arm-none-eabi/13.3.1/thumb/v7e-m+fp/hard\libgcc.a(_dvmd_tls.o)
 .ARM.attributes
                0x000002fb       0x34 D:/tools/arm-gnu-toolchain/bin/../lib/gcc/arm-none-eabi/13.3.1/thumb/v7e-m+fp/hard\libc.a(libc_a-memset.o)
 .ARM.attributes
                0x0000032f       0x34 D:/tools/arm-gnu-toolchain/bin/../lib/gcc/arm-none-eabi/13.3.1/thumb/v7e-m+fp/hard\libc.a(libc_a-init.o)
 .ARM.attributes
                0x00000363       0x34 D:/tools/arm-gnu-toolchain/bin/../lib/gcc/arm-none-eabi/13.3.1/thumb/v7e-m+fp/hard\libc.a(libc_a-lock.o)
 .ARM.attributes
                0x00000397       0x34 D:/tools/arm-gnu-toolchain/bin/../lib/gcc/arm-none-eabi/13.3.1/thumb/v7e-m+fp/hard\libc.a(libc_a-__call_atexit.o)
 .ARM.attributes
                0x000003cb       0x34 D:/tools/arm-gnu-toolchain/bin/../lib/gcc/arm-none-eabi/13.3.1/thumb/v7e-m+fp/hard\libc.a(libc_a-atexit.o)
 .ARM.attributes
                0x000003ff       0x34 D:/tools/arm-gnu-toolchain/bin/../lib/gcc/arm-none-eabi/13.3.1/thumb/v7e-m+fp/hard\libc.a(libc_a-fini.o)
 .ARM.attributes
                0x00000433       0x34 D:/tools/arm-gnu-toolchain/bin/../lib/gcc/arm-none-eabi/13.3.1/thumb/v7e-m+fp/hard\libc.a(libc_a-__atexit.o)
 .ARM.attributes
                0x00000467       0x34 D:/tools/arm-gnu-toolchain/bin/../lib/gcc/arm-none-eabi/13.3.1/thumb/v7e-m+fp/hard/crtend.o
 .ARM.attributes
                0x0000049b       0x22 D:/tools/arm-gnu-toolchain/bin/../lib/gcc/arm-none-eabi/13.3.1/thumb/v7e-m+fp/hard/crtn.o

.comment        0x00000000       0x45
 .comment       0x00000000       0x45 CMakeFiles/bench.elf.dir/bench_main.c.obj
                                 0x46 (size before relaxing)
 .comment       0x00000045       0x46 CMakeFiles/bench.elf.dir/dr16.c.obj
 .comment       0x00000045       0x46 CMakeFiles/bench.elf.dir/D_/ARBATOS/projects/INFANTRY-A/Core/Src/can.c.obj
 .comment       0x00000045       0x46 CMakeFiles/bench.elf.dir/D_/ARBATOS/projects/INFANTRY-A/Core/Src/system_stm32f4xx.c.obj
 .comment       0x00000045       0x46 CMakeFiles/bench.elf.dir/D_/ARBATOS/projects/INFANTRY-A/Drivers/STM32F4xx_HAL_Driver/Src/stm32f4xx_hal.c.obj
 .comment       0x00000045       0x46 CMakeFiles/bench.elf.dir/D_/ARBATOS/projects/INFANTRY-A/Drivers/STM32F4xx_HAL_Driver/Src/stm32f4xx_hal_can.c.obj
 .comment       0x00000045       0x46 CMakeFiles/bench.elf.dir/D_/ARBATOS/projects/INFANTRY-A/Drivers/STM32F4xx_HAL_Driver/Src/stm32f4xx_hal_cortex.c.obj
 .comment       0x00000045       0x46 CMakeFiles/bench.elf.dir/D_/ARBATOS/projects/INFANTRY-A/Drivers/STM32F4xx_HAL_Driver/Src/stm32f4xx_hal_gpio.c.obj
 .comment       0x00000045       0x46 CMakeFiles/bench.elf.dir/D_/ARBATOS/projects/INFANTRY-A/Drivers/STM32F4xx_HAL_Driver/Src/stm32f4xx_hal_rcc.c.obj
 .comment       0x00000045       0x46 CMakeFiles/bench.elf.dir/D_/ARBATOS/projects/INFANTRY-A/Drivers/STM32F4xx_HAL_Driver/Src/stm32f4xx_hal_uart.c.obj

.debug_line_str
                0x00000000       0xd5
 .debug_line_str
                0x00000000       0xd5 D:/tools/arm-gnu-toolchain/bin/../lib/gcc/arm-none-eabi/13.3.1/thumb/v7e-m+fp/hard\libgcc.a(_aeabi_uldivmod.o)
                                 0xc9 (size before relaxing)
 .debug_line_str
                0x000000d5       0xcd D:/tools/arm-gnu-toolchain/bin/../lib/gcc/arm-none-eabi/13.3.1/thumb/v7e-m+fp/hard\libgcc.a(_dvmd_tls.o)

.debug_frame    0x00000000      0x24c
 .debug_frame   0x00000000       0x2c D:/tools/arm-gnu-toolchain/bin/../lib/gcc/arm-none-eabi/13.3.1/thumb/v7e-m+fp/hard\libgcc.a(_aeabi_uldivmod.o)
 .debug_frame   0x0000002c       0x34 D:/tools/arm-gnu-toolchain/bin/../lib/gcc/arm-none-eabi/13.3.1/thumb/v7e-m+fp/hard\libgcc.a(_udivmoddi4.o)
 .debug_frame   0x00000060       0x2c D:/tools/arm-gnu-toolchain/bin/../lib/gcc/arm-none-eabi/13.3.1/thumb/v7e-m+fp/hard\libc.a(libc_a-memset.o)
 .debug_frame   0x0000008c       0x2c D:/tools/arm-gnu-toolchain/bin/../lib/gcc/arm-none-eabi/13.3.1/thumb/v7e-m+fp/hard\libc.a(libc_a-init.o)
 .debug_frame   0x000000b8       0xb0 D:/tools/arm-gnu-toolchain/bin/../lib/gcc/arm-none-eabi/13.3.1/thumb/v7e-m+fp/hard\libc.a(libc_a-lock.o)
 .debug_frame   0x00000168       0x5c D:/tools/arm-gnu-toolchain/bin/../lib/gcc/arm-none-eabi/13.3.1/thumb/v7e-m+fp/hard\libc.a(libc_a-__call_atexit.o)
 .debug_frame   0x000001c4       0x20 D:/tools/arm-gnu-toolchain/bin/../lib/gcc/arm-none-eabi/13.3.1/thumb/v7e-m+fp/hard\libc.a(libc_a-atexit.o)
 .debug_frame   0x000001e4       0x34 D:/tools/arm-gnu-toolchain/bin/../lib/gcc/arm-none-eabi/13.3.1/thumb/v7e-m+fp/hard\libc.a(libc_a-fini.o)
 .debug_frame   0x00000218       0x34 D:/tools/arm-gnu-toolchain/bin/../lib/gcc/arm-none-eabi/13.3.1/thumb/v7e-m+fp/hard\libc.a(libc_a-__atexit.o)
